main.c:99:5:main	24	static
main.c:195:6:SystemClock_Config	88	static
main.c:237:13:MX_ADC1_Init	24	static
main.c:284:13:MX_SPI3_Init	8	static
main.c:320:13:MX_TIM3_Init	32	static
main.c:362:13:MX_TIM11_Init	8	static
main.c:391:13:MX_USART2_UART_Init	8	static
main.c:420:13:MX_DMA_Init	16	static
main.c:437:13:MX_GPIO_Init	48	static
main.c:488:6:MCP4922SetOutput	24	static
main.c:494:6:HAL_SPI_TxCpltCallback	16	static
main.c:500:6:HAL_TIM_PeriodElapsedCallback	24	static
main.c:506:17:micros	12	static
main.c:510:6:UART	24	static
main.c:845:9:UARTRecieveIT	16	static
main.c:861:6:Error_Handler	4	static,ignoring_inline_asm
